<!DOCTYPE html><html lang="en"><head><meta charset="utf-8"/><meta http-equiv="Cache-Control" content="no-cache, no-store, must-revalidate"/><script>window.dataLayer=window.dataLayer||[];function gtag(){dataLayer.push(arguments);}gtag('consent','default',{'analytics_storage':'denied','functionality_storage':'granted','security_storage':'granted','wait_for_update':500});gtag('set','url_passthrough',true);</script><script async src="https://www.googletagmanager.com/gtag/js?id=G-5SB8FNFYDV"></script><script>window.dataLayer=window.dataLayer||[];function gtag(){dataLayer.push(arguments);}gtag('js',new Date());gtag('config','G-5SB8FNFYDV',{'anonymize_ip':true});</script><meta><meta name="viewport" content="width=device-width, initial-scale=1, viewport-fit=cover, maximum-scale=5"/><meta name="apple-mobile-web-app-capable" content="yes"/><meta name="mobile-web-app-capable" content="yes"/><meta name="apple-mobile-web-app-status-bar-style" content="default"/><meta name="apple-mobile-web-app-title" content="Bra Calculator"/><meta name="format-detection" content="telephone=no"/><title>Breast Weight Calculator | Grams &amp; kg Estimator</title><meta name="description" content="Free breast weight calculator using the BREAST-V formula. Simple (2 inputs) or advanced ellipsoid (3 inputs) modes. Bra fit recommendations by tissue density."><meta name="robots" content="index,follow"><meta name="keywords" content="breast weight calculator, breast weight grams, breast weight kg, breast mass estimator, bra fitting weight, breast tissue density"><link rel="alternate" hreflang="en" href="https://breastcalculator.com/tools/breast-weight-calculator/"><meta property="og:title" content="Breast Weight Calculator | Estimate Breast Weight in Grams &amp; kg"><meta property="og:image" content="https://breastcalculator.com/images/og-default.jpg"><meta property="og:image:width" content="1200"><meta property="og:image:height" content="630"><meta property="og:site_name" content="Breast Calculator"><meta property="og:description" content="Science-based breast weight calculator using BREAST-V formula and tissue density. For bra fitting reference only."><meta property="og:type" content="website"><meta property="og:url" content="https://breastcalculator.com/tools/breast-weight-calculator/"><meta name="twitter:card" content="summary_large_image"><meta name="twitter:title" content="Breast Weight Calculator | Grams &amp; kg Estimator"><meta name="twitter:description" content="Science-based breast weight calculator using BREAST-V formula and tissue density. For bra fitting reference only."><meta name="twitter:image" content="https://breastcalculator.com/images/og-default.jpg"><meta name="theme-color" content="#f4e3d7"><link rel="preconnect" href="https://fonts.googleapis.com"><link rel="preconnect" href="https://fonts.gstatic.com" crossorigin><link href="https://fonts.googleapis.com/css2?family=Inter:opsz,wght@14..32,300;14..32,400;14..32,500;14..32,600;14..32,700&family=Playfair+Display:ital,wght@0,400;0,600;0,700;1,400;1,600&display=swap" rel="stylesheet"><link rel="stylesheet" href="/style.css?v=a1a59c31"><script type="application/ld+json">{"@context":"https://schema.org","@type":"SoftwareApplication","name":"Breast Weight Calculator","operatingSystem":"All","applicationCategory":"HealthApplication","image":"https://breastcalculator.com/images/og-default.jpg","description":"Science-based breast weight calculator using the BREAST-V formula and breast tissue density (0.94 g/cm鲁). For bra fitting reference only.","offers":{"@type":"Offer","price":"0","priceCurrency":"USD"}}</script><script type="application/ld+json">{"@context":"https://schema.org","@type":"BreadcrumbList","itemListElement":[{"@type":"ListItem","position":1,"name":"Home","item":"https://breastcalculator.com/"},{"@type":"ListItem","position":2,"name":"Tools","item":"https://breastcalculator.com/tools/breast-volume-calculator/"},{"@type":"ListItem","position":3,"name":"Breast Weight Calculator","item":"https://breastcalculator.com/tools/breast-weight-calculator/"}]}</script><style> :root{--highlight:#7a6455;--hover:#6b5344} .tool-hero{background:linear-gradient(135deg,var(--cream) 0%,var(--sand-light) 40%,var(--sand) 100%);padding:44px 0 36px;text-align:center} .tool-hero h1{font-size:clamp(1.5rem,4vw,2.2rem);max-width:640px;margin:0 auto 10px} .tool-hero .subtitle{font-size:0.92rem;color:var(--text-light);max-width:520px;margin:0 auto 6px} .medical-disclaimer{background:#fff8f0;border:2px solid #e8a860;border-left:5px solid #e8a860;padding:14px 18px;border-radius:8px;font-size:0.86rem;line-height:1.7;color:#8b6914;margin-bottom:24px} .medical-disclaimer strong{color:#b8860b} .tab-nav{display:flex;gap:0;border-radius:8px;overflow:hidden;margin-bottom:20px;border:1px solid var(--border);max-width:720px;margin-left:auto;margin-right:auto} .tab-btn{flex:1;padding:11px 16px;font-size:0.9rem;font-weight:600;cursor:pointer;border:none;background:#fff;color:var(--text);transition:all 0.2s;font-family:var(--font-sans)} .tab-btn.active{background:var(--highlight);color:#fff} .tab-btn.pending{background:#f5f5f5;color:var(--text-muted);cursor:not-allowed} .tab-btn .tab-badge{display:inline-block;margin-left:6px;padding:1px 7px;border-radius:10px;font-size:0.65rem;font-weight:600;background:#e8ddd0;color:#7a6455;letter-spacing:0.02em} .options-bar{display:flex;gap:12px;align-items:flex-end;flex-wrap:wrap;margin-bottom:18px} .options-bar .opt-group{flex:1;min-width:140px} .options-bar .opt-group label{display:block;font-size:0.78rem;font-weight:600;color:var(--text-light);margin-bottom:4px;text-transform:uppercase;letter-spacing:0.04em} .options-bar .opt-group select{width:100%;padding:9px 12px;border:1px solid var(--border);border-radius:6px;font-size:0.85rem;color:var(--text);background:#fff;cursor:pointer;font-family:var(--font-sans)} .options-bar .opt-group select:focus{outline:none;border-color:var(--highlight);box-shadow:0 0 0 3px rgba(122,100,85,0.1)} .mode-toggle{display:flex;gap:0;border-radius:8px;overflow:hidden;margin-bottom:20px;border:1px solid var(--border)} .mode-btn{flex:1;padding:10px 16px;font-size:0.88rem;font-weight:600;cursor:pointer;border:none;background:#fff;color:var(--text);transition:all 0.2s;font-family:var(--font-sans)} .mode-btn.active{background:var(--highlight);color:#fff} .form-row{display:grid;grid-template-columns:1fr 1fr;gap:14px;margin-bottom:14px} .form-row.col-3{grid-template-columns:1fr 1fr 1fr} @media(max-width:640px){.form-row,.form-row.col-3{grid-template-columns:1fr}} .form-group label{display:block;font-size:0.85rem;font-weight:600;color:var(--heading);margin-bottom:4px} .form-group .unit-label{font-size:0.75rem;color:var(--text-muted);margin-left:2px;font-weight:400} .form-group .hint{font-size:0.72rem;color:var(--text-light);margin-top:2px;line-height:1.4} .form-group input{width:100%;padding:10px 12px;border:1px solid var(--border);border-radius:6px;font-size:0.92rem;color:var(--text);background:#fff;transition:border-color 0.2s;box-sizing:border-box} .form-group input:focus{outline:none;border-color:var(--highlight);box-shadow:0 0 0 3px rgba(122,100,85,0.1)} .form-group input.invalid{border-color:#dc3545;background:#fff5f5} .form-group input.valid{border-color:#28a745;background:#f8fff8} .form-group .error-msg{font-size:0.73rem;color:#dc3545;margin-top:3px;display:none} .form-group .error-msg.show{display:block} .btn-calc{display:block;width:100%;padding:12px;background:var(--highlight);color:#fff;border:none;border-radius:8px;font-size:1rem;font-weight:600;cursor:pointer;transition:background 0.2s,transform 0.1s,opacity 0.2s} .btn-calc:hover:not(:disabled){background:var(--hover)} .btn-calc:active:not(:disabled){transform:scale(0.98)} .btn-calc:disabled{background:#c4b0a8;cursor:not-allowed;opacity:0.7} .btn-reset{display:block;width:100%;padding:10px;background:#fff;color:var(--text);border:1px solid var(--border);border-radius:8px;font-size:0.88rem;font-weight:500;cursor:pointer;transition:border-color 0.2s} .btn-reset:hover{border-color:var(--highlight);color:var(--highlight)} .result-box{background:linear-gradient(135deg,#faf7f2,#fdf8f5);border:1px solid var(--border);border-radius:12px;padding:24px;margin-top:20px;opacity:0;transform:translateY(12px);transition:opacity 0.4s,transform 0.4s} .result-box.show{opacity:1;transform:translateY(0)} .result-box .big-val{font-size:2.4rem;font-weight:700;color:var(--highlight);font-family:var(--font-serif);text-align:center;margin-bottom:8px} .result-box .sub-val{font-size:1rem;color:var(--text-light);text-align:center;margin-bottom:14px} .result-stats{display:grid;grid-template-columns:repeat(auto-fit,minmax(130px,1fr));gap:10px;margin-top:14px} .result-stat{background:#fff;border:1px solid var(--border);border-radius:8px;padding:12px;text-align:center} .result-stat .stat-label{font-size:0.73rem;color:var(--text-light);text-transform:uppercase;letter-spacing:0.05em;margin-bottom:3px} .result-stat .stat-val{font-size:1.1rem;font-weight:600;color:var(--heading)} .accuracy-badge{display:inline-block;background:var(--sand);color:var(--heading-warm);font-size:0.76rem;padding:5px 14px;border-radius:12px;text-align:center;margin-top:12px} .recommendation-box{background:#faf7f2;border:2px solid #d4a76a;border-radius:8px;padding:16px 20px;margin-top:16px} .recommendation-box .rec-label{font-size:0.78rem;color:var(--text-light);text-transform:uppercase;letter-spacing:0.08em;margin-bottom:4px} .recommendation-box .rec-text{font-size:0.9rem;line-height:1.7;color:var(--text);margin:0} .recommendation-box .rec-scene{display:inline-block;margin:3px 4px 3px 0;padding:2px 10px;border-radius:12px;font-size:0.73rem;font-weight:600;letter-spacing:0.03em} .recommendation-box .rec-scene.daily{background:#e8f0e8;color:#3d6b3d} .recommendation-box .rec-scene.heavy{background:#f0e8e8;color:#6b3d3d} .recommendation-box .rec-scene-content{margin-top:10px;font-size:0.82rem;color:var(--text-light)} .method-badge{display:inline-block;background:#e8ddd0;color:#7a6455;font-size:0.78rem;padding:4px 12px;border-radius:12px;text-align:center;margin-top:12px} .result-disclaimer{font-size:0.72rem;color:var(--text-muted);margin-top:12px;text-align:center;line-height:1.5;border-top:1px solid var(--border);padding-top:10px} .affiliate-box{border:1px dashed #d4a76a;border-radius:8px;padding:16px 20px;margin-top:16px;background:#fffdf8} .affiliate-box .affiliate-label{font-size:0.73rem;color:var(--text-muted);text-transform:uppercase;letter-spacing:0.06em;margin-bottom:8px} .affiliate-box .affiliate-placeholder{font-size:0.82rem;color:var(--text-light);text-align:center;padding:8px;border:1px dashed var(--border);border-radius:6px;background:var(--cream)} .affiliate-disclosure{font-size:0.7rem;color:var(--text-muted);line-height:1.5;margin-top:6px;padding:6px 10px;background:var(--cream);border-radius:4px} .tool-faq h2{font-family:var(--font-serif);font-size:1.15rem;margin:0 0 16px;color:var(--heading)} .tool-faq div{margin-bottom:16px} .tool-faq h3{font-size:0.95rem;font-weight:600;color:var(--heading);margin:0 0 6px} .tool-faq p{font-size:0.88rem;line-height:1.7;color:var(--text);margin:0} .tool-faq .formula-symbol{display:inline-block;background:#f0ebe3;color:#6b5344;padding:1px 6px;border-radius:3px;font-family:monospace;font-size:0.85em} .tool-ref{max-width:720px;margin:0 auto;padding:16px 20px;background:var(--cream);border:1px solid var(--border);border-radius:var(--radius-sm);font-size:0.82rem;color:var(--text);line-height:1.7} .tool-ref ol{margin:6px 0 0;padding-left:18px} .tool-ref cite{font-style:italic} .how-to-measure h2{font-family:var(--font-serif);font-size:1.15rem;margin:0 0 12px;color:var(--heading)} .how-to-measure h3{font-size:0.92rem;font-weight:600;color:var(--heading);margin:14px 0 4px} .how-to-measure p{font-size:0.88rem;line-height:1.8;color:var(--text);margin-bottom:8px} .how-to-measure ul{font-size:0.86rem;line-height:1.7;color:var(--text);margin-bottom:8px;padding-left:18px} </style><link rel="icon" type="image/png" sizes="32x32" href="/favicon-32x32.png"><link rel="icon" type="image/svg+xml" href="/favicon.svg"><link rel="shortcut icon" href="/favicon.ico"><link rel="apple-touch-icon" sizes="180x180" href="/apple-touch-icon.png"><link rel="icon" type="image/png" sizes="192x192" href="/android-chrome-192x192.png"><link rel="manifest" href="/site.webmanifest"><meta name="msapplication-TileColor" content="#f4e3d7"><script src="https://cdn.tailwindcss.com/3.4.17"></script><script>tailwind.config={corePlugins:{preflight:false},theme:{extend:{colors:{brand:{bg:'#fdf8f5',text:'#8b7355',hover:'#6b5344',border:'#e8ddd0',highlight:'#7a6455'}}}}}</script><link rel="canonical" href="https://breastcalculator.com/tools/breast-weight-calculator/"><script async src="https://pagead2.googlesyndication.com/pagead/js/adsbygoogle.js?client=ca-pub-7388117485013143" crossorigin="anonymous"></script><script type="application/ld+json"> {"@context":"https://schema.org","@type":"HowTo","name":"Breast Weight Calculator","step":[{"@type":"HowToStep","position":1,"name":"Choose your unit and size system","text":"Select cm or inches, your bra size system, and the population coefficient for best accuracy."},{"@type":"HowToStep","position":2,"name":"Select calculation mode (Simple or Advanced)","text":"Simple mode uses your bra size. Advanced mode uses body measurements (base radius, projection, hemisphere model)."},{"@type":"HowToStep","position":3,"name":"Enter your data","text":"In Simple mode: enter your bra size. In Advanced mode: enter breast base radius, projection, and (optionally) base width."},{"@type":"HowToStep","position":4,"name":"Calculate and review","text":"Click Calculate to see your total breast weight in g and kg, the per-breast average, and the population-calibrated volume used."}]} </script><script type="application/ld+json"> {"@context":"https://schema.org","@type":"FAQPage","mainEntity":[{"@type":"Question","name":"How is breast weight calculated?","acceptedAnswer":{"@type":"Answer","text":"Breast weight = Volume 脳 Density. Volume is estimated from breast anthropometry (the BREAST-V formula) or bra size lookup. Density is set to ~0.95-1.0 g/mL for typical breast tissue (a mix of adipose, glandular, and connective tissue)."}},{"@type":"Question","name":"What population coefficients are used?","acceptedAnswer":{"@type":"Answer","text":"The calculator offers population-specific coefficients: Asian (0.92), Caucasian (1.0), African (1.05), and average. These reflect anthropometric differences in average breast volume, density, and fat distribution across populations."}},{"@type":"Question","name":"Is breast weight the same as breast volume?","acceptedAnswer":{"@type":"Answer","text":"No. Volume is a 3D measurement (cubic centimeters / milliliters). Weight is a mass measurement (grams / kilograms). For breast tissue, which is mostly water and fat, 1 cc 鈮?0.95-1.0 g. The calculator converts between the two."}},{"@type":"Question","name":"Does breast weight affect health?","acceptedAnswer":{"@type":"Answer","text":"Heavier breasts can contribute to chronic shoulder grooving, upper back pain, and posture issues, especially in women with D+ cup sizes. A well-fitted bra with wide, padded straps and full-cup coverage redistributes the load and reduces symptoms."}},{"@type":"Question","name":"How does pregnancy affect breast weight?","acceptedAnswer":{"@type":"Answer","text":"During pregnancy and lactation, breast weight can increase by 30-50% due to glandular proliferation and milk production. After weaning, breast tissue often returns to near baseline, though some women experience permanent changes."}}]} </script><script type="application/ld+json"> {"@context":"https://schema.org","@type":"BreadcrumbList","itemListElement":[ {"@type":"ListItem","position":1,"name":"Home","item":"https://breastcalculator.com/"}, {"@type":"ListItem","position":2,"name":"Tools","item":"https://breastcalculator.com/#tools"}, {"@type":"ListItem","position":3,"name":"Breast Weight Calculator","item":"https://breastcalculator.com/tools/breast-weight-calculator/"} ]} </script></head><body><nav class="navbar" role="navigation" aria-label="Main navigation"><div class="nav-inner"><div class="nav-top"><a href="/" class="nav-logo">BREAST CALCULATOR</a><button type="button" class="nav-toggle" id="menuToggle" aria-label="Open menu" aria-expanded="false"><span></span><span></span><span></span></button></div><ul class="nav-categories"><li class="nav-category"><span class="nav-label" tabindex="0" role="button" aria-haspopup="true" aria-expanded="false">TOOLS <span class="arrow">鈻?/span></span><div class="dropdown-menu" role="menu"><a href="/bra-size-calculator/" role="menuitem">Bra Size Calculator</a><a href="/tools/breast-expansion-calculator/" role="menuitem">Breast Expansion Calculator</a><a href="/tools/breast-ptosis-calculator/" role="menuitem">Breast Ptosis Calculator</a><a href="/tools/breast-volume-calculator/" role="menuitem">Breast Volume Calculator</a><a href="/tools/breast-weight-calculator/" role="menuitem">Breast Weight Calculator</a><a href="/tools/breast-shape-calculator/" role="menuitem">Breast Shape Calculator</a><a href="/tools/length-converter/" role="menuitem">Length Converter</a></div></li><li class="nav-category"><span class="nav-label" tabindex="0" role="button" aria-haspopup="true" aria-expanded="false">SPECIALS <span class="arrow">鈻?/span></span><div class="dropdown-menu" role="menu"><a href="/specials/why-d-cup-support/" role="menuitem">D+ Cup Support Science</a><a href="/specials/sports-bra-science/" role="menuitem">Sports Bra Science</a><a href="/specials/accessory-breast-guide/" role="menuitem">Accessory Breast Guide</a><a href="/specials/expansion-evidence/" role="menuitem">Expansion Evidence</a><a href="/specials/ptosis-prevention-evidence/" role="menuitem">Ptosis Prevention</a><a href="/specials/buying-guide/" role="menuitem">D+ Cup Buying Guide</a></div></li><li class="nav-category"><span class="nav-label" tabindex="0" role="button" aria-haspopup="true" aria-expanded="false">WELLNESS <span class="arrow">鈻?/span></span><div class="dropdown-menu" role="menu"><a href="/wellness/prosthetic-bras-guide/" role="menuitem">Prosthetic Bras Guide</a><a href="/wellness/sports-bras-after-surgery/" role="menuitem">Sports Bras After Surgery</a><a href="/wellness/" role="menuitem">Overview</a></div></li><li class="nav-category"><span class="nav-label" tabindex="0" role="button" aria-haspopup="true" aria-expanded="false">RESOURCES <span class="arrow">鈻?/span></span><div class="dropdown-menu" role="menu"><a href="/articles/" role="menuitem">All Articles</a><a href="/bra-size-guide/" role="menuitem">Bra Size Guides</a><a href="/compare/" role="menuitem">Bra Size Comparisons</a><a href="/how-to-measure-bra-size/" role="menuitem">How to Measure Bra Size</a><a href="/bra-buying-guide/" role="menuitem">Bra Buying Guide</a><a href="/sports-bra-guide/" role="menuitem">Sports Bra Guide</a><a href="/best-comfort-bras/" role="menuitem">Most Comfortable Bras</a><a href="/best-wireless-bras/" role="menuitem">Best Wireless Bras</a></div></li></ul></div></nav><div class="drawer-overlay" id="drawerOverlay"></div><div class="drawer" id="drawer" role="dialog" aria-label="Navigation menu"><div class="drawer-header"><span style="font-family:var(--font-serif);font-weight:700;font-size:1.1rem;color:var(--heading)">Menu</span><button class="drawer-close" id="drawerClose" aria-label="Close menu">&times;</button></div><ul class="drawer-nav"><li><a href="/">Home</a></li><li class="drawer-section"><span class="drawer-section-label">Tools</span></li><li class="drawer-sub"><a href="/tools/breast-expansion-calculator/">Breast Expansion Calculator</a></li><li class="drawer-sub"><a href="/tools/breast-ptosis-calculator/">Breast Ptosis Calculator</a></li><li class="drawer-sub"><a href="/tools/breast-volume-calculator/">Breast Volume Calculator</a></li><li class="drawer-sub"><a href="/tools/breast-weight-calculator/">Breast Weight Calculator</a></li><li class="drawer-sub"><a href="/tools/breast-shape-calculator/">Breast Shape Calculator</a></li><li class="drawer-sub"><a href="/tools/length-converter/">Length Converter</a></li><li class="drawer-sub"><a href="/tools/weight-converter/">Weight Converter</a></li><li class="drawer-section"><span class="drawer-section-label">Articles</span></li><li class="drawer-sub"><a href="/articles/">All Articles</a></li><li class="drawer-sub"><a href="/article/how-to-measure-bra-size-at-home/">How to Measure Bra Size</a></li><li class="drawer-sub"><a href="/article/how-to-tell-if-bra-fits/">Bra Fit Checklist</a></li><li class="drawer-sub"><a href="/article/bra-sister-sizes-explained/">Sister Sizes</a></li><li class="drawer-sub"><a href="/article/breast-volume-guide/">Breast Volume Guide</a></li><li class="drawer-sub"><a href="/article/breast-ptosis-causes-and-solutions/">Breast Ptosis Guide</a></li><li class="drawer-section"><span class="drawer-section-label">Wellness &amp; Recovery</span></li><li class="drawer-sub"><a href="/wellness/">Overview</a></li><li class="drawer-sub"><a href="/wellness/prosthetic-bras-guide/">Prosthetic Bras Guide</a></li><li class="drawer-sub"><a href="/wellness/sports-bras-after-surgery/">Sports Bras After Surgery</a></li><li class="drawer-section"><span class="drawer-section-label">Guides &amp; Resources</span></li><li class="drawer-sub"><a href="/bra-size-guide/">Bra Size Guides</a></li><li class="drawer-sub"><a href="/bra-size-calculator/">Bra Size Calculator</a></li><li class="drawer-sub"><a href="/compare/">Bra Size Comparisons</a></li><li class="drawer-sub"><a href="/how-to-measure-bra-size/">How to Measure Bra Size</a></li><li class="drawer-sub"><a href="/bra-buying-guide/">Bra Buying Guide</a></li><li class="drawer-sub"><a href="/sports-bra-guide/">Sports Bra Guide</a></li><li class="drawer-sub"><a href="/best-comfort-bras/">Most Comfortable Bras</a></li><li class="drawer-sub"><a href="/best-wireless-bras/">Best Wireless Bras</a></li><li><a href="/specials/">Specials &amp; Research</a></li><li><a href="/about/">About</a></li><li><a href="#" id="privacyFromDrawer">Privacy Settings</a></li></ul><div class="drawer-footer">&copy; 2026 Breast Calculator</div></div><button id="footerBackToTop" onclick="window.scrollTo({top:0,behavior:'smooth'})" class="fixed bottom-6 right-6 z-50 w-12 h-12 rounded-full bg-[#fdf8f5] border border-[#e6d5c3] text-[#8b7355] hover:text-[#6b5344] hover:border-[#6b5344] shadow-md flex items-center justify-center transition-all duration-300 opacity-0 pointer-events-none" aria-label="Back to top"><svg class="w-5 h-5" fill="none" stroke="currentColor" viewBox="0 0 24 24" stroke-width="2" stroke-linecap="round" stroke-linejoin="round"><polyline points="18 15 12 9 6 15"/><link rel="stylesheet" href="/tailwind-built.css"/></svg></button><div class="drawer" id="drawer" role="dialog" aria-label="Navigation menu"><div class="drawer-header"><span class="font-bold text-[1.1rem]" style="font-family:var(--font-serif);color:var(--heading)">Menu</span><button class="drawer-close" id="drawerClose" aria-label="Close menu">&times;</button></div><ul class="drawer-nav"><li><a href="/">Home</a></li><li class="drawer-section"><span class="drawer-section-label">Tools</span></li><li class="drawer-sub"><a href="/tools/breast-expansion-calculator/">Breast Expansion Calculator</a></li><li class="drawer-sub"><a href="/tools/breast-ptosis-calculator/">Breast Ptosis Calculator</a></li><li class="drawer-sub"><a href="/tools/breast-volume-calculator/">Breast Volume Calculator</a></li><li class="drawer-sub"><a href="/tools/breast-weight-calculator/">Breast Weight Calculator</a></li><li class="drawer-sub"><a href="/tools/breast-shape-calculator/">Breast Shape Calculator</a></li><li class="drawer-sub"><a href="/tools/length-converter/">Length Converter</a></li><li class="drawer-section"><span class="drawer-section-label">Articles</span></li><li class="drawer-sub"><a href="/articles/">All Articles</a></li><li class="drawer-sub"><a href="/article/how-to-measure-bra-size-at-home/">How to Measure Bra Size</a></li><li class="drawer-sub"><a href="/article/how-to-tell-if-bra-fits/">Bra Fit Checklist</a></li><li class="drawer-sub"><a href="/article/bra-sister-sizes-explained/">Sister Sizes</a></li><li class="drawer-sub"><a href="/article/breast-volume-guide/">Breast Volume Guide</a></li><li class="drawer-sub"><a href="/article/breast-ptosis-causes-and-solutions/">Breast Ptosis Guide</a></li><li class="drawer-section"><span class="drawer-section-label">Wellness &amp; Recovery</span></li><li class="drawer-sub"><a href="/wellness/">Overview</a></li><li class="drawer-sub"><a href="/wellness/prosthetic-bras-guide/">Prosthetic Bras Guide</a></li><li class="drawer-sub"><a href="/wellness/sports-bras-after-surgery/">Sports Bras After Surgery</a></li><li><a href="/specials/">Specials &amp; Research</a></li><li><a href="/about/">About</a></li><li><a href="#" id="privacyFromDrawer">Privacy Settings</a></li></ul><div class="drawer-footer">&copy; 2026 Breast Calculator</div></div><nav class="tool-breadcrumb" aria-label="Breadcrumb"><a href="/">Home</a><span class="sep">鈥?/span><a href="/#tools">Tools</a><span class="sep">鈥?/span><span aria-current="page">Breast Weight Calculator</span></nav><header class="tool-hero-v2"><div class="container"><h1>Breast Weight Calculator</h1><p class="subtitle">Estimate the weight of breast tissue in grams and kilograms. Uses population-calibrated volume-to-density models and known bra size data.</p><div class="trust-badges"><div class="trust-badge"><div class="num">g / kg</div><div class="lbl">Output</div></div><div class="trust-badge"><div class="num">卤12%</div><div class="lbl">Accuracy</div></div><div class="trust-badge"><div class="num">4</div><div class="lbl">Populations</div></div></div></div></header><div class="step-indicator" id="stepIndicator" aria-label="Calculator progress"><div class="step active" data-step="1"><span class="step-num">1</span><span class="step-label">Settings</span></div><div class="step-line"></div><div class="step" data-step="2"><span class="step-num">2</span><span class="step-label">Measurements</span></div><div class="step-line"></div><div class="step" data-step="3"><span class="step-num">3</span><span class="step-label">Result</span></div></div><main><div class="container"><div class="medical-disclaimer max-w-[720px] mx-auto mb-6"><strong>&#9888;&#65039; Medical Disclaimer:</strong> This calculator provides <strong>estimates for bra fitting reference only</strong>. It is not a medical device and cannot replace clinical measurement methods (MRI, 3D scanning, water displacement). Results involve manual measurement error and are <strong>not intended for medical diagnosis, treatment planning, or surgical decisions</strong>. Consult a healthcare professional for any medical concerns. </div><div class="tab-nav" id="tabNav"><button class="tab-btn active" data-tab="weight" id="tabWeight">&#x2696; Breast Weight Calculator</button><button class="tab-btn pending" data-tab="shape" id="tabShape">&#x1F4CF; Breast Shape Calculator <span class="tab-badge">Coming Soon</span></button></div><div class="tool-card max-w-[720px] mx-auto"><h3 class="mt-0">Calculate Your Breast Weight</h3><div class="options-bar"><div class="opt-group"><label for="populationSel">Body Type Reference</label><select id="populationSel"><option value="asian" selected>Asian Female (Coefficient: 0.92)</option><option value="western">Western Female (Coefficient: 1.00)</option></select></div><div class="opt-group"><label for="unitSel">Measurement Unit</label><select id="unitSel"><option value="cm" selected>Centimeters (cm)</option><option value="inch">Inches (inch)</option></select></div></div><div class="mode-toggle-v2" id="modeToggle" role="tablist" aria-label="Calculation mode"><button type="button" class="mode-btn active" id="btnSimple" onclick="switchMode('simple')" role="tab" aria-selected="true">Simple<span class="sub-acc">Body measurements</span></button><button type="button" class="mode-btn" id="btnAdvanced" onclick="switchMode('advanced')" role="tab" aria-selected="false">Advanced<span class="sub-acc">3D base + projection</span></button></div><form id="calcForm" onsubmit="return false" novalidate><div class="settings-panel"><h4 class="settings-title"><span class="step-tag">1</span>Choose Your Settings</h4><div class="settings-row"><div class="form-group"><label for="unitToggle">Unit of Measurement</label><select id="unitToggle"><option value="cm" selected>Centimeters (cm)</option><option value="inches">Inches (in)</option></select><div class="hint">Switch between metric and imperial input.</div></div><div class="inputs-panel" style="margin-top:18px"><h4 class="inputs-title"><span class="step-tag">2</span>Enter Your Measurements</h4><div class="form-group"><label for="sizeSystem">Bra Size System (for calibration)</label><select id="sizeSystem"><option value="us" selected>US / UK (32, 34, 36鈥?</option><option value="eu">EU / ISO (70, 75, 80鈥?</option><option value="fr">FR / BE / ES (85, 90, 95鈥?</option><option value="au">AU / NZ (UK equivalent)</option><option value="jp">JP (A-prefix cup, e.g. A70)</option></select><div class="hint">Used to interpret your bra size for calibration.</div></div></div></div><div id="simpleFields"><div class="form-row"><div class="form-group"><label for="baseRadius">Breast Base Radius <span class="unit-label" id="unitR">(R) &mdash; cm</span></label><input type="number" id="baseRadius" min="3" max="15" step="0.1" placeholder="e.g. 7.0" autocomplete="off"><span class="hint">Half the width of breast base on chest wall</span><span class="error-msg" id="errR"></span></div><div class="form-group"><label for="projHeight">Projection Height <span class="unit-label" id="unitH">(H) &mdash; cm</span></label><input type="number" id="projHeight" min="2" max="12" step="0.1" placeholder="e.g. 5.2" autocomplete="off"><span class="hint">Distance from chest wall to most forward point</span><span class="error-msg" id="errH"></span></div></div></div><div id="advancedFields" style="display:none"><div class="form-row col-3"><div class="form-group"><label for="semiWidth">Horizontal Semi-Width <span class="unit-label" id="unitA">(a) &mdash; cm</span></label><input type="number" id="semiWidth" min="4" max="18" step="0.1" placeholder="e.g. 7.5" autocomplete="off"><span class="hint">Half the horizontal breast span</span><span class="error-msg" id="errA"></span></div><div class="form-group"><label for="apThickness">AP Half-Thickness <span class="unit-label" id="unitB">(b) &mdash; cm</span></label><input type="number" id="apThickness" min="2" max="10" step="0.1" placeholder="e.g. 3.8" autocomplete="off"><span class="hint">Half the anterior-posterior thickness</span><span class="error-msg" id="errB"></span></div><div class="form-group"><label for="vertProjection">Vertical Projection <span class="unit-label" id="unitC">(c) &mdash; cm</span></label><input type="number" id="vertProjection" min="2" max="14" step="0.1" placeholder="e.g. 5.5" autocomplete="off"><span class="hint">Vertical breast projection height</span><span class="error-msg" id="errC"></span></div></div></div><div class="form-row grid-cols-2"><button type="button" class="btn-calc" id="btnCalc" disabled>Calculate Weight</button><button type="button" class="btn-reset" id="btnReset">Reset</button></div></form></div>  <div id="result" class="result-card-v2" aria-live="polite"><div class="result-head"><h3 id="resultTitle">Your Result</h3><span class="accuracy-pill" id="resultAccuracy"></span></div><div class="big-value" id="resultValue">鈥?/div><div class="sub-value" id="resultSub"></div><div id="resultContent"></div><div class="result-actions" id="resultActions" style="display:none"><button onclick="window.print()">Print</button><button onclick="resetForm()">Recalculate</button><button onclick="shareResult()">Share</button></div></div></div><div class="psb-bar" id="psbBar" aria-label="Privacy, share, and bookmark tools"><div class="psb-notice"><svg class="psb-icon" viewBox="0 0 24 24" fill="none" stroke="currentColor" stroke-width="2" stroke-linecap="round" stroke-linejoin="round" aria-hidden="true"><path d="M12 21.7c-4.5-3-7.7-6.4-7.7-10.4V5.4l7.7-2.7 7.7 2.7v5.9c0 4-3.2 7.4-7.7 10.4z"/><path d="M9.5 11.5l1.8 1.8 3.5-3.8" stroke-width="2.4"/></svg><span><strong>Your privacy, gently protected &#x1F495;</strong> Every measurement is calculated right here in your browser &mdash; we <strong>never store, never save, and never share</strong> it. Close this page and everything quietly disappears. <em>Your body, your data, your choice.</em><span class="psb-save-tip">Want to keep your result? Screenshot or copy it before you go.</span><br><span class="psb-privacy-zh" lang="zh-CN">&#x1F495; &#x60A8;&#x7684;&#x9690;&#x79C1;&#xFF0C;&#x7531;&#x60A8;&#x505A;&#x4E3B;&#x3002;&#x6240;&#x6709;&#x6D4B;&#x91CF;&#x6570;&#x636E;&#x4EC5;&#x5728;&#x60A8;&#x672C;&#x5730;&#x6D4F;&#x89C8;&#x5668;&#x4E2D;&#x8BA1;&#x7B97;&#xFF0C;&#x7EDD;&#x4E0D;&#x5B58;&#x50A8;&#x3001;&#x7EDD;&#x4E0D;&#x4E0A;&#x4F20;&#x3001;&#x7EDD;&#x4E0D;&#x5206;&#x4EAB;&#x3002;&#x5173;&#x95ED;&#x9875;&#x9762;&#x540E;&#xFF0C;&#x4E00;&#x5207;&#x5374;&#x7136;&#x6D88;&#x5931;&#x3002; <em>&#x60A8;&#x7684;&#x8EAB;&#x4F53;&#xFF0C;&#x60A8;&#x7684;&#x6570;&#x636E;&#xFF0C;&#x60A8;&#x505A;&#x4E3B;&#x3002;</em></span></span></div><div class="psb-actions"><button type="button" class="psb-btn psb-copy" onclick="psbCopyLink(this)" aria-label="Copy page link"><svg viewBox="0 0 24 24" fill="none" stroke="currentColor" stroke-width="2" stroke-linecap="round" stroke-linejoin="round" aria-hidden="true"><rect x="9" y="9" width="13" height="13" rx="2" ry="2"/><path d="M5 15H4a2 2 0 0 1-2-2V4a2 2 0 0 1 2-2h9a2 2 0 0 1 2 2v1"/></svg><span>Copy link</span></button><a class="psb-btn psb-x" href="#" onclick="psbShareX(event)" aria-label="Share on X"><svg viewBox="0 0 24 24" fill="currentColor" aria-hidden="true"><path d="M18.244 2.25h3.308l-7.227 8.26 8.502 11.24H16.17l-5.214-6.817L4.99 21.75H1.68l7.73-8.835L1.254 2.25H8.08l4.713 6.231zm-1.161 17.52h1.833L7.084 4.126H5.117z"/></svg><span>X</span></a><a class="psb-btn psb-pin" href="#" onclick="psbSharePinterest(event)" aria-label="Share on Pinterest"><svg viewBox="0 0 24 24" fill="currentColor" aria-hidden="true"><path d="M12.04 2C6.51 2 2 6.51 2 12.04c0 4.24 2.65 7.86 6.39 9.32-.09-.79-.17-2.01.04-2.88.19-.78 1.21-4.96 1.21-4.96s-.31-.62-.31-1.54c0-1.45.84-2.53 1.88-2.53.89 0 1.32.67 1.32 1.47 0 .89-.57 2.23-.86 3.47-.25 1.04.52 1.89 1.55 1.89 1.86 0 3.29-1.96 3.29-4.79 0-2.5-1.8-4.26-4.37-4.26-2.98 0-4.73 2.23-4.73 4.54 0 .9.35 1.86.78 2.39.09.1.1.19.07.29-.08.34-.27 1.07-.31 1.22-.05.2-.16.24-.37.15-1.39-.65-2.26-2.69-2.26-4.32 0-3.52 2.56-6.76 7.37-6.76 3.87 0 6.88 2.76 6.88 6.45 0 3.85-2.42 6.94-5.79 6.94-1.13 0-2.19-.59-2.55-1.28l-.7 2.65c-.25.97-.93 2.18-1.39 2.92.05.01.1.02.15.02 5.53 0 10.02-4.49 10.02-10.02C22.04 6.51 17.53 2 12.04 2z"/></svg><span>Pinterest</span></a><a class="psb-btn psb-ig" href="#" onclick="psbShareInstagram(event)" aria-label="Share on Instagram"><svg viewBox="0 0 24 24" fill="none" stroke="currentColor" stroke-width="2" stroke-linecap="round" stroke-linejoin="round" aria-hidden="true"><rect x="2" y="2" width="20" height="20" rx="5" ry="5"/><path d="M16 11.37A4 4 0 1 1 12.63 8 4 4 0 0 1 16 11.37z"/><line x1="17.5" y1="6.5" x2="17.51" y2="6.5"/></svg><span>Instagram</span></a><a class="psb-btn psb-fb" href="#" onclick="psbShareFacebook(event)" aria-label="Share on Facebook"><svg viewBox="0 0 24 24" fill="currentColor" aria-hidden="true"><path d="M22 12c0-5.52-4.48-10-10-10S2 6.48 2 12c0 4.84 3.44 8.87 8 9.8V15H8v-3h2V9.5C10 7.57 11.57 6 13.5 6H16v3h-2c-.55 0-1 .45-1 1v2h3v3h-3v6.95c5.05-.5 9-4.76 9-9.95z"/></svg><span>Facebook</span></a><a class="psb-btn psb-tt" href="#" onclick="psbShareTikTok(event)" aria-label="Share on TikTok"><svg viewBox="0 0 24 24" fill="currentColor" aria-hidden="true"><path d="M19.59 6.69a4.83 4.83 0 0 1-3.77-4.25V2h-3.45v13.67a2.89 2.89 0 0 1-5.2 1.74 2.89 2.89 0 0 1 2.31-4.64 2.93 2.93 0 0 1 .88.13V9.4a6.84 6.84 0 0 0-1-.05A6.33 6.33 0 0 0 5.8 20.1a6.34 6.34 0 0 0 10.86-4.43v-7a8.16 8.16 0 0 0 4.77 1.52v-3.4a4.85 4.85 0 0 1-1.84-.1z"/></svg><span>TikTok</span></a><button type="button" class="psb-btn psb-bookmark" onclick="psbBookmark(this)" aria-label="Bookmark this page"><svg viewBox="0 0 24 24" fill="none" stroke="currentColor" stroke-width="2" stroke-linecap="round" stroke-linejoin="round" aria-hidden="true"><path d="M19 21l-7-5-7 5V5a2 2 0 0 1 2-2h10a2 2 0 0 1 2 2z"/></svg><span>Save</span></button></div><div class="psb-bookmark-tip" id="psbBookmarkTip" hidden><button type="button" class="psb-tip-close" onclick="document.getElementById('psbBookmarkTip').setAttribute('hidden','')" aria-label="Close tip">&times;</button><strong>Bookmark this page</strong> for instant access whenever you need it. Pick your device: <ul><li><strong>iOS Safari:</strong> tap the <em>Share</em> button, then <em>Add to Home Screen</em>.</li><li><strong>Android Chrome:</strong> tap the <em>&#8943;</em> menu, then <em>Add to Home screen</em> or <em>Bookmark</em>.</li><li><strong>macOS Safari:</strong> press <kbd>&#8984;</kbd>+<kbd>D</kbd>, or choose <em>Bookmarks &rarr; Add Bookmark</em>.</li><li><strong>Windows / Chrome / Edge:</strong> press <kbd>Ctrl</kbd>+<kbd>D</kbd>, or click the <em>&#9733;</em> star in the address bar.</li></ul></div></div><div class="interpretation-v2"><h4>What does this weight mean?</h4><p>Your estimated breast weight is the combined weight of <strong>both</strong> breasts in grams (g) and kilograms (kg). It is derived from breast volume (cc 鈮?mL) multiplied by tissue density (~0.95-1.0 g/mL for adipose + glandular tissue).</p><ul><li><strong>Light (&lt; 500 g)</strong>: A-cup range, minimal breast weight impact on shoulders/back.</li><li><strong>Moderate (500-1500 g)</strong>: B-C cup range, some shoulder pressure with poor fit.</li><li><strong>Heavy (1500-3000 g)</strong>: D-DD cup range, significant load on shoulders; well-fitted wide-strap bras are critical.</li><li><strong>Very heavy (&gt; 3000 g)</strong>: DDD+ cup range, often associated with chronic shoulder grooving, back pain, and posture issues.</li></ul><p style="font-size:0.82rem;color:var(--text-muted);margin-top:10px">Read about <a href="/article/breast-weight-back-pain/">how breast weight affects posture and back pain</a>.</p></div></div><div class="how-to-measure max-w-[720px] my-7 mx-auto p-6" style="background:var(--cream);border:1px solid var(--border);border-radius:var(--radius-sm)"><h2>Measurement Guide for Weight Calculation</h2><p class="text-[0.88rem] leading-[1.8] mb-2" style="color:var(--text)">Use a soft measuring tape. Stand upright, breathe normally, and avoid compressing breast tissue. Measurements are external body surface values and subject to individual variation.</p><h3>Important Measurement Notes</h3><ul class="mb-3.5"><li><strong>Natural stance:</strong> Stand upright with shoulders relaxed, arms at sides. Do not push your chest forward or hunch.</li><li><strong>Normal breathing:</strong> Take measurements at the end of a normal exhale&mdash;do not hold your breath or take a deep breath.</li><li><strong>Gentle contact:</strong> Rest the tape against the skin without pressing into or compressing the breast tissue.</li><li><strong>Left-right differences:</strong> It is normal for left and right breasts to differ slightly in size. Measure each breast separately for best accuracy.</li><li><strong>Mirror check:</strong> Use a mirror to ensure the tape is level and positioned correctly.</li></ul><h3>Step 1 &mdash; Breast Base Radius (R)</h3><p>Measure the horizontal width of one breast where it meets the chest wall. Divide by 2 to get the radius. A larger base indicates wider breast footprint.</p><h3>Step 2 &mdash; Projection Height (H)</h3><p>Stand sideways to a mirror. Measure from the most forward point of the breast (nipple area) straight back to the chest wall plane. This is the projection height.</p><h3>Step 3 &mdash; Advanced Mode (Optional)</h3><p>For better accuracy, measure three dimensions: horizontal semi-width (a), anterior-posterior half-thickness (b), and vertical projection (c). This uses an ellipsoid model that better captures real breast shape.</p><p class="text-[0.84rem] leading-[1.8] mb-0" style="color:var(--text)">For a complete measurement guide, see our <a href="/article/how-to-measure-bra-size-at-home/">guide on measuring bra size at home</a>.</p></div><div class="tool-faq max-w-[720px] mx-auto mb-6"><h2>Frequently Asked Questions</h2><div><h3>What formula does this calculator use?</h3><p><strong>Simple Mode:</strong> V = (2/3) &times; &pi; &times; R&sup2; &times; H (spherical cap approximation). <strong>Advanced Mode:</strong> V = (4/3) &times; &pi; &times; a &times; b &times; c (modified ellipsoid model). Weight = Volume &times; Density &times; Population Coefficient. Breast tissue density is fixed at <strong>0.94 g/cm&sup3;</strong>, a widely accepted value in plastic surgery and biomechanics research.</p></div><div><h3>What do the symbols R, H, a, b, c mean?</h3><p><span class="formula-symbol">R</span> = Breast Base Radius &mdash; half the horizontal width of the breast at the chest wall. <span class="formula-symbol">H</span> = Projection Height &mdash; how far the breast projects forward from the chest wall. <span class="formula-symbol">a</span> = Horizontal Semi-Width &mdash; half the horizontal span of the breast. <span class="formula-symbol">b</span> = AP Half-Thickness &mdash; half the anterior-posterior depth. <span class="formula-symbol">c</span> = Vertical Projection &mdash; vertical height of the breast mound.</p></div><div><h3>What is the typical weight of a breast?</h3><p>Breast weight varies widely. A single breast typically weighs: A cup ~150&ndash;250g, B cup ~250&ndash;350g, C cup ~350&ndash;500g, D cup ~500&ndash;700g, DD+ ~700&ndash;1,000g+. These are approximate ranges based on average breast tissue density and volume.</p></div><div><h3>How does breast weight affect bra selection?</h3><p>Heavier breasts require more structural support: wider straps distribute pressure, reinforced underbands prevent sagging, full-coverage cups provide better weight distribution. Our calculator provides specific recommendations based on your calculated weight range.</p></div></div><div class="tool-ref"><strong>References</strong><ol><li><cite>Huang NS, et al. A prospective study of breast anthropomorphic measurements, volume and ptosis in 605 Asian patients with a novel computational breast volume calculation method. <em>PLoS One.</em> 2017;12(2):e0172122.</cite></li><li><cite>Kayar R, et al. Breast volume and weight estimation for mammaplasty: a systematic review of available methodologies. <em>Aesthetic Plast Surg.</em> 2011;35(4):676&ndash;685.</cite></li><li><cite>Xi W, et al. Objective breast volume measurement: a systematic review of methods and clinical applications. <em>J Plast Reconstr Aesthet Surg.</em> 2014;67(8):1040&ndash;1052.</cite></li><li><cite>Longo B, et al. The BREAST-V formula for unilateral breast volume estimation: a reliable clinical tool. <em>Aesthetic Plast Surg.</em> 2020;44(5):1692&ndash;1701.</cite></li></ol></div></div><div class="quick-actions-v2" aria-label="Related tools"><a href="/bra-size-calculator/">Bra Size Calculator</a><a href="/tools/breast-volume-calculator/">Breast Volume</a><a href="/tools/breast-ptosis-calculator/">Ptosis Grade</a><a href="/tools/breast-expansion-calculator/">Expansion Ratio</a><a href="/tools/breast-weight-calculator/">Breast Weight</a><a href="/tools/breast-shape-calculator/">Shape Identifier</a><a href="/tools/length-converter/">Length Converter</a><a href="/how-to-measure-bra-size/">Measuring Guide</a></div><section class="resource-hub" aria-labelledby="resourceHubTitle"><h2 id="resourceHubTitle">Explore All Resources</h2><p class="lead">Quick access to our complete library of bra fitting tools, guides, comparisons, and science-backed articles.</p><div class="resource-grid"><a class="resource-card" href="/bra-size-calculator/"><span class="rc-icon" aria-hidden="true">馃搻</span><span class="rc-title">Bra Size Calculator</span><span class="rc-desc">Compute US/UK/EU/FR/AU sizes</span><span class="rc-cta">Open</span></a><a class="resource-card" href="/bra-size-guide/"><span class="rc-icon" aria-hidden="true">馃搵</span><span class="rc-title">Bra Size Guides</span><span class="rc-desc">Detailed guides for every size</span><span class="rc-cta">Open</span></a><a class="resource-card" href="/compare/"><span class="rc-icon" aria-hidden="true">鈿栵笍</span><span class="rc-title">Bra Size Comparisons</span><span class="rc-desc">Compare cup sizes side-by-side</span><span class="rc-cta">Open</span></a><a class="resource-card" href="/bra-buying-guide/"><span class="rc-icon" aria-hidden="true">馃泹锔?/span><span class="rc-title">Bra Buying Guide</span><span class="rc-desc">How to choose the right bra</span><span class="rc-cta">Open</span></a><a class="resource-card" href="/best-comfort-bras/"><span class="rc-icon" aria-hidden="true">鉁?/span><span class="rc-title">Most Comfortable Bras</span><span class="rc-desc">Expert-tested comfort picks</span><span class="rc-cta">Open</span></a><a class="resource-card" href="/best-wireless-bras/"><span class="rc-icon" aria-hidden="true">馃摱</span><span class="rc-title">Best Wireless Bras</span><span class="rc-desc">Top wireless support</span><span class="rc-cta">Open</span></a><a class="resource-card" href="/sports-bra-guide/"><span class="rc-icon" aria-hidden="true">馃弮</span><span class="rc-title">Sports Bra Guide</span><span class="rc-desc">Science of high-impact support</span><span class="rc-cta">Open</span></a><a class="resource-card" href="/how-to-measure-bra-size/"><span class="rc-icon" aria-hidden="true">馃搹</span><span class="rc-title">How to Measure</span><span class="rc-desc">Step-by-step measuring guide</span><span class="rc-cta">Open</span></a><a class="resource-card" href="/tools/breast-volume-calculator/"><span class="rc-icon" aria-hidden="true">馃挧</span><span class="rc-title">Breast Volume Tool</span><span class="rc-desc">Estimate volume in cc/mL</span><span class="rc-cta">Open</span></a><a class="resource-card" href="/tools/breast-ptosis-calculator/"><span class="rc-icon" aria-hidden="true">馃彆锔?/span><span class="rc-title">Ptosis Grade Tool</span><span class="rc-desc">Sagging grade by distance</span><span class="rc-cta">Open</span></a><a class="resource-card" href="/tools/breast-expansion-calculator/"><span class="rc-icon" aria-hidden="true">馃尶</span><span class="rc-title">Expansion Tool</span><span class="rc-desc">Assess splaying ratio</span><span class="rc-cta">Open</span></a><a class="resource-card" href="/tools/breast-weight-calculator/"><span class="rc-icon" aria-hidden="true">鈿栵笍</span><span class="rc-title">Breast Weight Tool</span><span class="rc-desc">Estimate weight in g/kg</span><span class="rc-cta">Open</span></a><a class="resource-card" href="/tools/breast-shape-calculator/"><span class="rc-icon" aria-hidden="true">馃枊锔?/span><span class="rc-title">Shape Identifier</span><span class="rc-desc">Identify your breast shape</span><span class="rc-cta">Open</span></a><a class="resource-card" href="/tools/length-converter/"><span class="rc-icon" aria-hidden="true">馃搻</span><span class="rc-title">Length Converter</span><span class="rc-desc">Convert inches & cm</span><span class="rc-cta">Open</span></a><a class="resource-card" href="/specials/"><span class="rc-icon" aria-hidden="true">馃敩</span><span class="rc-title">Specials & Research</span><span class="rc-desc">Science-backed articles</span><span class="rc-cta">Open</span></a><a class="resource-card" href="/articles/"><span class="rc-icon" aria-hidden="true">馃摎</span><span class="rc-title">All Articles</span><span class="rc-desc">Complete article library</span><span class="rc-cta">Open</span></a><a class="resource-card" href="/wellness/"><span class="rc-icon" aria-hidden="true">馃尵</span><span class="rc-title">Wellness & Recovery</span><span class="rc-desc">Post-surgery & prosthetic</span><span class="rc-cta">Open</span></a><a class="resource-card" href="/specials/buying-guide/"><span class="rc-icon" aria-hidden="true">馃泹锔?/span><span class="rc-title">D+ Cup Buying</span><span class="rc-desc">Buying guide for larger cups</span><span class="rc-cta">Open</span></a><a class="resource-card" href="/specials/sports-bra-science/"><span class="rc-icon" aria-hidden="true">馃弮</span><span class="rc-title">Sports Bra Science</span><span class="rc-desc">Research on breast motion</span><span class="rc-cta">Open</span></a><a class="resource-card" href="/about/"><span class="rc-icon" aria-hidden="true">鈩癸笍</span><span class="rc-title">About</span><span class="rc-desc">About Breast Calculator</span><span class="rc-cta">Open</span></a></div></section></main><footer class="bg-[#fdf8f5] border-t border-[#e8ddd0] text-[#8b7355] font-sans"><div class="max-w-6xl mx-auto px-4 sm:px-6 pt-12 pb-8 text-center"><div class="font-bold text-[1.35rem] mb-2 tracking-[0.06em] uppercase" style="font-family:Georgia,'Times New Roman',Times,serif;color:#7a6455">BREAST CALCULATOR</div><p class="text-[0.9rem] leading-[1.6] mb-3 max-w-lg mx-auto" style="font-family:Georgia,'Times New Roman',Times,serif;color:#8b7355">Free science-based bra fitting tools and breast health education.</p><a href="mailto:contact@breastcalculator.com?subject=Inquiry%20from%20Breast%20Calculator" class="inline-flex items-center gap-1.5 text-xs text-[#8b7355] hover:text-[#6b5344] transition-colors duration-200 min-h-[28px]"><svg class="w-4 h-4 flex-shrink-0" fill="none" stroke="currentColor" viewBox="0 0 24 24" stroke-width="1.8"><path stroke-linecap="round" stroke-linejoin="round" d="M3 8l7.89 5.26a2 2 0 0 0 2.22 0L21 8M5 19h14a2 2 0 0 0 2-2V7a2 2 0 0 0-2-2H5a2 2 0 0 0-2 2v10a2 2 0 0 0 2 2z"></path></svg><span class="hover:underline decoration-1 underline-offset-2">contact@breastcalculator.com</span></a></div><div class="max-w-6xl mx-auto px-4 sm:px-6 pb-10"><div class="md:hidden divide-y divide-[#e6d5c3] border-t border-[#e6d5c3]"><button class="flex items-center justify-between w-full text-left font-bold text-sm tracking-[0.1em] text-[#7a6455] min-h-[48px] px-0 py-2 bg-transparent border-0 cursor-pointer" aria-expanded="false" onclick="const ul=this.nextElementSibling; const open=ul.classList.contains('hidden'); ul.classList.toggle('hidden',!open); ul.classList.toggle('block',open); this.querySelector('svg').classList.toggle('rotate-180',open); this.setAttribute('aria-expanded',open)"> TOOLS<svg class="w-3 h-3 transition-transform duration-200" fill="none" stroke="currentColor" viewBox="0 0 24 24" stroke-width="2" stroke-linecap="round" stroke-linejoin="round"><polyline points="6 9 12 15 18 9"></polyline></svg></button><ul class="space-y-1 hidden pb-3 m-0 list-none"><li><a class="block text-sm font-semibold text-[#7a6455] hover:text-[#6b5344] transition-colors duration-200 hover:underline decoration-1 underline-offset-2 min-h-[28px] leading-[28px] no-underline" href="/bra-size-calculator/">Bra Size Calculator</a></li><li><a class="block text-sm text-[#8b7355] hover:text-[#6b5344] transition-colors duration-200 hover:underline decoration-1 underline-offset-2 min-h-[28px] leading-[28px] no-underline" href="/tools/breast-expansion-calculator/">Breast Expansion Calculator</a></li><li><a class="block text-sm text-[#8b7355] hover:text-[#6b5344] transition-colors duration-200 hover:underline decoration-1 underline-offset-2 min-h-[28px] leading-[28px] no-underline" href="/tools/breast-ptosis-calculator/">Breast Ptosis Calculator</a></li><li><a class="block text-sm text-[#8b7355] hover:text-[#6b5344] transition-colors duration-200 hover:underline decoration-1 underline-offset-2 min-h-[28px] leading-[28px] no-underline" href="/tools/breast-volume-calculator/">Breast Volume Calculator</a></li><li><a class="block text-sm text-[#8b7355] hover:text-[#6b5344] transition-colors duration-200 hover:underline decoration-1 underline-offset-2 min-h-[28px] leading-[28px] no-underline" href="/tools/breast-weight-calculator/">Breast Weight Calculator</a></li><li><a class="block text-sm text-[#8b7355] hover:text-[#6b5344] transition-colors duration-200 hover:underline decoration-1 underline-offset-2 min-h-[28px] leading-[28px] no-underline" href="/tools/breast-shape-calculator/">Breast Shape Calculator</a></li><li><a class="block text-sm text-[#8b7355] hover:text-[#6b5344] transition-colors duration-200 hover:underline decoration-1 underline-offset-2 min-h-[28px] leading-[28px] no-underline" href="/tools/length-converter/">Length Converter</a></li></ul><button class="flex items-center justify-between w-full text-left font-bold text-sm tracking-[0.1em] text-[#7a6455] min-h-[48px] px-0 py-2 bg-transparent border-0 cursor-pointer" aria-expanded="false" onclick="const ul=this.nextElementSibling; const open=ul.classList.contains('hidden'); ul.classList.toggle('hidden',!open); ul.classList.toggle('block',open); this.querySelector('svg').classList.toggle('rotate-180',open); this.setAttribute('aria-expanded',open)"> SPECIALS<svg class="w-3 h-3 transition-transform duration-200" fill="none" stroke="currentColor" viewBox="0 0 24 24" stroke-width="2" stroke-linecap="round" stroke-linejoin="round"><polyline points="6 9 12 15 18 9"></polyline></svg></button><ul class="space-y-1 hidden pb-3 m-0 list-none"><li><a class="block text-sm text-[#8b7355] hover:text-[#6b5344] transition-colors duration-200 hover:underline decoration-1 underline-offset-2 min-h-[28px] leading-[28px] no-underline" href="/specials/why-d-cup-support/">D+ Cup Support Science</a></li><li><a class="block text-sm text-[#8b7355] hover:text-[#6b5344] transition-colors duration-200 hover:underline decoration-1 underline-offset-2 min-h-[28px] leading-[28px] no-underline" href="/specials/sports-bra-science/">Sports Bra Science</a></li><li><a class="block text-sm text-[#8b7355] hover:text-[#6b5344] transition-colors duration-200 hover:underline decoration-1 underline-offset-2 min-h-[28px] leading-[28px] no-underline" href="/specials/accessory-breast-guide/">Accessory Breast Guide</a></li><li><a class="block text-sm text-[#8b7355] hover:text-[#6b5344] transition-colors duration-200 hover:underline decoration-1 underline-offset-2 min-h-[28px] leading-[28px] no-underline" href="/specials/expansion-evidence/">Expansion Evidence</a></li><li><a class="block text-sm text-[#8b7355] hover:text-[#6b5344] transition-colors duration-200 hover:underline decoration-1 underline-offset-2 min-h-[28px] leading-[28px] no-underline" href="/specials/ptosis-prevention-evidence/">Ptosis Prevention</a></li><li><a class="block text-sm text-[#8b7355] hover:text-[#6b5344] transition-colors duration-200 hover:underline decoration-1 underline-offset-2 min-h-[28px] leading-[28px] no-underline" href="/specials/buying-guide/">D+ Cup Buying Guide</a></li></ul><button class="flex items-center justify-between w-full text-left font-bold text-sm tracking-[0.1em] text-[#7a6455] min-h-[48px] px-0 py-2 bg-transparent border-0 cursor-pointer" aria-expanded="false" onclick="const ul=this.nextElementSibling; const open=ul.classList.contains('hidden'); ul.classList.toggle('hidden',!open); ul.classList.toggle('block',open); this.querySelector('svg').classList.toggle('rotate-180',open); this.setAttribute('aria-expanded',open)"> WELLNESS<svg class="w-3 h-3 transition-transform duration-200" fill="none" stroke="currentColor" viewBox="0 0 24 24" stroke-width="2" stroke-linecap="round" stroke-linejoin="round"><polyline points="6 9 12 15 18 9"></polyline></svg></button><ul class="space-y-1 hidden pb-3 m-0 list-none"><li><a class="block text-sm text-[#8b7355] hover:text-[#6b5344] transition-colors duration-200 hover:underline decoration-1 underline-offset-2 min-h-[28px] leading-[28px] no-underline" href="/wellness/prosthetic-bras-guide/">Prosthetic Bras Guide</a></li><li><a class="block text-sm text-[#8b7355] hover:text-[#6b5344] transition-colors duration-200 hover:underline decoration-1 underline-offset-2 min-h-[28px] leading-[28px] no-underline" href="/wellness/sports-bras-after-surgery/">Sports Bras After Surgery</a></li><li><a class="block text-sm text-[#8b7355] hover:text-[#6b5344] transition-colors duration-200 hover:underline decoration-1 underline-offset-2 min-h-[28px] leading-[28px] no-underline" href="/wellness/">Overview</a></li></ul><button class="flex items-center justify-between w-full text-left font-bold text-sm tracking-[0.1em] text-[#7a6455] min-h-[48px] px-0 py-2 bg-transparent border-0 cursor-pointer" aria-expanded="false" onclick="const ul=this.nextElementSibling; const open=ul.classList.contains('hidden'); ul.classList.toggle('hidden',!open); ul.classList.toggle('block',open); this.querySelector('svg').classList.toggle('rotate-180',open); this.setAttribute('aria-expanded',open)"> RESOURCES<svg class="w-3 h-3 transition-transform duration-200" fill="none" stroke="currentColor" viewBox="0 0 24 24" stroke-width="2" stroke-linecap="round" stroke-linejoin="round"><polyline points="6 9 12 15 18 9"></polyline></svg></button><ul class="space-y-1 hidden pb-3 m-0 list-none"><li><a class="block text-sm text-[#8b7355] hover:text-[#6b5344] transition-colors duration-200 hover:underline decoration-1 underline-offset-2 min-h-[28px] leading-[28px] no-underline" href="/articles/">All Articles</a></li><li><a class="block text-sm text-[#8b7355] hover:text-[#6b5344] transition-colors duration-200 hover:underline decoration-1 underline-offset-2 min-h-[28px] leading-[28px] no-underline" href="/bra-size-guide/">Bra Size Guides</a></li><li><a class="block text-sm text-[#8b7355] hover:text-[#6b5344] transition-colors duration-200 hover:underline decoration-1 underline-offset-2 min-h-[28px] leading-[28px] no-underline" href="/compare/">Bra Size Comparisons</a></li><li><a class="block text-sm text-[#8b7355] hover:text-[#6b5344] transition-colors duration-200 hover:underline decoration-1 underline-offset-2 min-h-[28px] leading-[28px] no-underline" href="/how-to-measure-bra-size/">How to Measure Bra Size</a></li><li><a class="block text-sm text-[#8b7355] hover:text-[#6b5344] transition-colors duration-200 hover:underline decoration-1 underline-offset-2 min-h-[28px] leading-[28px] no-underline" href="/bra-buying-guide/">Bra Buying Guide</a></li><li><a class="block text-sm text-[#8b7355] hover:text-[#6b5344] transition-colors duration-200 hover:underline decoration-1 underline-offset-2 min-h-[28px] leading-[28px] no-underline" href="/sports-bra-guide/">Sports Bra Guide</a></li><li><a class="block text-sm text-[#8b7355] hover:text-[#6b5344] transition-colors duration-200 hover:underline decoration-1 underline-offset-2 min-h-[28px] leading-[28px] no-underline" href="/best-comfort-bras/">Most Comfortable Bras</a></li><li><a class="block text-sm text-[#8b7355] hover:text-[#6b5344] transition-colors duration-200 hover:underline decoration-1 underline-offset-2 min-h-[28px] leading-[28px] no-underline" href="/best-wireless-bras/">Best Wireless Bras</a></li></ul></div><div class="hidden md:grid grid-cols-4 gap-x-10 gap-y-8"><div><div class="font-bold text-sm tracking-[0.1em] mb-4 text-[#7a6455]">TOOLS</div><ul class="space-y-1.5 m-0 p-0 list-none"><li><a class="block text-sm font-semibold text-[#7a6455] hover:text-[#6b5344] transition-colors duration-200 hover:underline decoration-1 underline-offset-2 min-h-[28px] leading-[28px] no-underline" href="/bra-size-calculator/">Bra Size Calculator</a></li><li><a class="block text-sm text-[#8b7355] hover:text-[#6b5344] transition-colors duration-200 hover:underline decoration-1 underline-offset-2 min-h-[28px] leading-[28px] no-underline" href="/tools/breast-expansion-calculator/">Breast Expansion Calculator</a></li><li><a class="block text-sm text-[#8b7355] hover:text-[#6b5344] transition-colors duration-200 hover:underline decoration-1 underline-offset-2 min-h-[28px] leading-[28px] no-underline" href="/tools/breast-ptosis-calculator/">Breast Ptosis Calculator</a></li><li><a class="block text-sm text-[#8b7355] hover:text-[#6b5344] transition-colors duration-200 hover:underline decoration-1 underline-offset-2 min-h-[28px] leading-[28px] no-underline" href="/tools/breast-volume-calculator/">Breast Volume Calculator</a></li><li><a class="block text-sm text-[#8b7355] hover:text-[#6b5344] transition-colors duration-200 hover:underline decoration-1 underline-offset-2 min-h-[28px] leading-[28px] no-underline" href="/tools/breast-weight-calculator/">Breast Weight Calculator</a></li><li><a class="block text-sm text-[#8b7355] hover:text-[#6b5344] transition-colors duration-200 hover:underline decoration-1 underline-offset-2 min-h-[28px] leading-[28px] no-underline" href="/tools/breast-shape-calculator/">Breast Shape Calculator</a></li><li><a class="block text-sm text-[#8b7355] hover:text-[#6b5344] transition-colors duration-200 hover:underline decoration-1 underline-offset-2 min-h-[28px] leading-[28px] no-underline" href="/tools/length-converter/">Length Converter</a></li></ul></div><div><div class="font-bold text-sm tracking-[0.1em] mb-4 text-[#7a6455]">SPECIALS</div><ul class="space-y-1.5 m-0 p-0 list-none"><li><a class="block text-sm text-[#8b7355] hover:text-[#6b5344] transition-colors duration-200 hover:underline decoration-1 underline-offset-2 min-h-[28px] leading-[28px] no-underline" href="/specials/why-d-cup-support/">D+ Cup Support Science</a></li><li><a class="block text-sm text-[#8b7355] hover:text-[#6b5344] transition-colors duration-200 hover:underline decoration-1 underline-offset-2 min-h-[28px] leading-[28px] no-underline" href="/specials/sports-bra-science/">Sports Bra Science</a></li><li><a class="block text-sm text-[#8b7355] hover:text-[#6b5344] transition-colors duration-200 hover:underline decoration-1 underline-offset-2 min-h-[28px] leading-[28px] no-underline" href="/specials/accessory-breast-guide/">Accessory Breast Guide</a></li><li><a class="block text-sm text-[#8b7355] hover:text-[#6b5344] transition-colors duration-200 hover:underline decoration-1 underline-offset-2 min-h-[28px] leading-[28px] no-underline" href="/specials/expansion-evidence/">Expansion Evidence</a></li><li><a class="block text-sm text-[#8b7355] hover:text-[#6b5344] transition-colors duration-200 hover:underline decoration-1 underline-offset-2 min-h-[28px] leading-[28px] no-underline" href="/specials/ptosis-prevention-evidence/">Ptosis Prevention</a></li><li><a class="block text-sm text-[#8b7355] hover:text-[#6b5344] transition-colors duration-200 hover:underline decoration-1 underline-offset-2 min-h-[28px] leading-[28px] no-underline" href="/specials/buying-guide/">D+ Cup Buying Guide</a></li></ul></div><div><div class="font-bold text-sm tracking-[0.1em] mb-4 text-[#7a6455]">WELLNESS</div><ul class="space-y-1.5 m-0 p-0 list-none"><li><a class="block text-sm text-[#8b7355] hover:text-[#6b5344] transition-colors duration-200 hover:underline decoration-1 underline-offset-2 min-h-[28px] leading-[28px] no-underline" href="/wellness/prosthetic-bras-guide/">Prosthetic Bras Guide</a></li><li><a class="block text-sm text-[#8b7355] hover:text-[#6b5344] transition-colors duration-200 hover:underline decoration-1 underline-offset-2 min-h-[28px] leading-[28px] no-underline" href="/wellness/sports-bras-after-surgery/">Sports Bras After Surgery</a></li><li><a class="block text-sm text-[#8b7355] hover:text-[#6b5344] transition-colors duration-200 hover:underline decoration-1 underline-offset-2 min-h-[28px] leading-[28px] no-underline" href="/wellness/">Overview</a></li></ul></div><div><div class="font-bold text-sm tracking-[0.1em] mb-4 text-[#7a6455]">RESOURCES</div><ul class="space-y-1.5 m-0 p-0 list-none"><li><a class="block text-sm text-[#8b7355] hover:text-[#6b5344] transition-colors duration-200 hover:underline decoration-1 underline-offset-2 min-h-[28px] leading-[28px] no-underline" href="/articles/">All Articles</a></li><li><a class="block text-sm text-[#8b7355] hover:text-[#6b5344] transition-colors duration-200 hover:underline decoration-1 underline-offset-2 min-h-[28px] leading-[28px] no-underline" href="/bra-size-guide/">Bra Size Guides</a></li><li><a class="block text-sm text-[#8b7355] hover:text-[#6b5344] transition-colors duration-200 hover:underline decoration-1 underline-offset-2 min-h-[28px] leading-[28px] no-underline" href="/compare/">Bra Size Comparisons</a></li><li><a class="block text-sm text-[#8b7355] hover:text-[#6b5344] transition-colors duration-200 hover:underline decoration-1 underline-offset-2 min-h-[28px] leading-[28px] no-underline" href="/how-to-measure-bra-size/">How to Measure Bra Size</a></li><li><a class="block text-sm text-[#8b7355] hover:text-[#6b5344] transition-colors duration-200 hover:underline decoration-1 underline-offset-2 min-h-[28px] leading-[28px] no-underline" href="/bra-buying-guide/">Bra Buying Guide</a></li><li><a class="block text-sm text-[#8b7355] hover:text-[#6b5344] transition-colors duration-200 hover:underline decoration-1 underline-offset-2 min-h-[28px] leading-[28px] no-underline" href="/sports-bra-guide/">Sports Bra Guide</a></li><li><a class="block text-sm text-[#8b7355] hover:text-[#6b5344] transition-colors duration-200 hover:underline decoration-1 underline-offset-2 min-h-[28px] leading-[28px] no-underline" href="/best-comfort-bras/">Most Comfortable Bras</a></li><li><a class="block text-sm text-[#8b7355] hover:text-[#6b5344] transition-colors duration-200 hover:underline decoration-1 underline-offset-2 min-h-[28px] leading-[28px] no-underline" href="/best-wireless-bras/">Best Wireless Bras</a></li></ul></div></div></div><div class="border-t border-[#e6d5c3]"><div class="max-w-6xl mx-auto px-4 sm:px-6 py-4 flex flex-col sm:flex-row items-center justify-between gap-3"><p class="text-xs text-[#8b7355] m-0 text-center sm:text-left">&copy; 2026 Breast Calculator. This website is for informational purposes only and does not provide medical advice.</p><nav class="footer-legal flex flex-wrap items-center justify-center gap-x-6 gap-y-1 text-xs text-[#8b7355]" aria-label="Legal links"><a class="hover:text-[#6b5344] hover:underline decoration-1 underline-offset-2 min-h-[28px] leading-[28px] no-underline" href="/about/">About</a><a class="hover:text-[#6b5344] hover:underline decoration-1 underline-offset-2 min-h-[28px] leading-[28px] no-underline" href="/privacy/">Privacy Policy</a><a class="hover:text-[#6b5344] hover:underline decoration-1 underline-offset-2 min-h-[28px] leading-[28px] no-underline" href="/terms/">Terms of Use</a></nav><button class="inline-flex items-center gap-1 px-3 py-1.5 rounded border border-[#e6d5c3] hover:border-[#6b5344] hover:text-[#6b5344] transition-colors duration-200 min-w-[48px] min-h-[48px] sm:min-w-0 sm:min-h-0 justify-center text-xs text-[#8b7355] flex-shrink-0" aria-label="Back to top" onclick="window.scrollTo({top:0,behavior:'smooth'})"><svg class="w-3.5 h-3.5" fill="none" stroke="currentColor" viewBox="0 0 24 24" stroke-width="2" stroke-linecap="round" stroke-linejoin="round"><polyline points="18 15 12 9 6 15"></polyline></svg><span class="hidden sm:inline">Back to Top</span></button></div></div></footer><div class="modal-overlay" id="privacyModal"><div class="modal"><h3>Privacy Settings</h3><label><input type="checkbox" id="ckFunc" checked disabled><span>Functional (always on)</span></label><label><input type="checkbox" id="ckAnalytics"><span>Analytics</span></label><div class="modal-actions"><button class="btn-secondary" onclick="closePrivacyModal()">Cancel</button><button class="btn-primary" onclick="savePrivacy()">Save</button></div></div></div><script src="/script.js?v=dea173b4"></script><script> (function(){ 'use strict'; // ============================================================================ // Module: CALC_CONFIG 鈥?Global Configuration Object // ============================================================================ var CONFIG = { DENSITY: 0.94, POPULATION_COEFF: { asian: 0.92, western: 1.00 }, MIN_VOLUME: 20, MAX_VOLUME: 5000, SIMPLE: { inputs: ['baseRadius','projHeight'], R: { min: 3, max: 15, label: 'Base Radius' }, H: { min: 2, max: 12, label: 'Projection Height' }, accuracy: '\u00b120% ~ \u00b140%' }, ADVANCED: { inputs: ['semiWidth','apThickness','vertProjection'], A: { min: 4, max: 18, label: 'Horizontal Semi-Width' }, B: { min: 2, max: 10, label: 'AP Half-Thickness' }, C: { min: 2, max: 14, label: 'Vertical Projection' }, accuracy: '\u00b110% ~ \u00b120%' }, TISSUE_DENSITY: '0.94 g/cm\u00b3', RECOMMENDATIONS: [ { maxG: 150, cup: 'AA/A', text: 'Light support: wireless or soft-cup bras provide adequate support. Focus on comfort and natural shaping.', daily: 'T-shirt bras, bralettes, wireless everyday styles', heavy: 'N/A \u2014 light support sufficient' }, { maxG: 300, cup: 'B/C', text: 'Moderate support: underwire or soft-wire bras recommended. Standard 3/4 cup styles offer balanced support for daily wear.', daily: 'Underwire bras, demi-cup, balconette styles', heavy: 'Light sports bras, yoga bras' }, { maxG: 500, cup: 'D/DD', text: 'Substantial support: full-cup styles with reinforced underwire. Wide straps (\u22651.5 cm) and side-support panels recommended for weight distribution.', daily: 'Full-cup underwire, side-support bras, minimizer bras', heavy: 'Encapsulation sports bras, high-impact support' }, { maxG: 800, cup: 'DDD/F/G', text: 'Heavy support: full-coverage specialized bras. Wide padded straps (\u22652 cm), reinforced underband, U-back design, and multi-part cup construction essential.', daily: 'Full-coverage underwire, reinforced band bras, posture bras', heavy: 'Maximum-support sports bras, encapsulation+compression hybrid' }, { maxG: 1500, cup: 'H/I/J', text: 'Very heavy support: professional-grade structural bras. Extra-wide straps, 4+ hook back closure, power-mesh wings, and rigid underwire required.', daily: 'Medical-grade support bras, custom-fit structural bras', heavy: 'Maximum-support encapsulation bras, dual-layer compression' }, { maxG: 99999, cup: 'K+', text: 'Maximum support: custom structural undergarments recommended. Consult a professional bra fitter for personalized solutions. Standard off-the-rack bras may not provide adequate support.', daily: 'Custom-made structural bras, orthopedic support garments', heavy: 'Professional-grade sports bras, custom athletic support' } ] }; // ============================================================================ // Module: DOM Helpers // ============================================================================ function $(id) { return document.getElementById(id); } var els = { popSel: $('populationSel'), unitSel: $('unitSel'), btnCalc: $('btnCalc'), btnReset: $('btnReset'), btnSimple: $('btnSimple'), btnAdvanced: $('btnAdvanced'), simpleFields: $('simpleFields'), advancedFields: $('advancedFields'), resultDiv: $('result'), resultContent: $('resultContent'), unitLabels: { R: $('unitR'), H: $('unitH'), A: $('unitA'), B: $('unitB'), C: $('unitC') } }; els.R = $('baseRadius'); els.H = $('projHeight'); els.A = $('semiWidth'); els.B = $('apThickness'); els.C = $('vertProjection'); var errEls = { R: $('errR'), H: $('errH'), A: $('errA'), B: $('errB'), C: $('errC') }; var state = { mode: 'simple', unit: 'cm', population: 'asian' }; // ============================================================================ // Module: Validation // ============================================================================ function getRange(key) { var cfg = state.mode === 'simple' ? CONFIG.SIMPLE : CONFIG.ADVANCED; return cfg[key] || null; } function clampToUnit(spec) { if (state.unit !== 'inch') return spec; return { min: +(spec.min / 2.54).toFixed(1), max: +(spec.max / 2.54).toFixed(1) }; } function validateField(key, el, errEl) { var spec = clampToUnit(getRange(key)); if (!spec) return false; var v = parseFloat(el.value); if (isNaN(v)) { el.classList.add('invalid'); el.classList.remove('valid'); errEl.textContent = 'Please enter a number'; errEl.classList.add('show'); return false; } if (v < spec.min) { el.classList.add('invalid'); el.classList.remove('valid'); errEl.textContent = 'Minimum: ' + spec.min + ' ' + state.unit; errEl.classList.add('show'); return false; } if (v> spec.max) { el.classList.add('invalid'); el.classList.remove('valid'); errEl.textContent = 'Maximum: ' + spec.max + ' ' + state.unit; errEl.classList.add('show'); return false; } el.classList.remove('invalid'); el.classList.add('valid'); errEl.classList.remove('show'); errEl.textContent = ''; return true; } function validateAll() { if (state.mode === 'simple') { return validateField('R', els.R, errEls.R) && validateField('H', els.H, errEls.H); } else { return validateField('A', els.A, errEls.A) && validateField('B', els.B, errEls.B) && validateField('C', els.C, errEls.C); } } function checkAllFilled() { var inputs = state.mode === 'simple' ? [els.R, els.H] : [els.A, els.B, els.C]; return inputs.every(function(el) { return el.value.trim() !== ''; }); } // ============================================================================ // Module: Calculation // ============================================================================ function calcVolume() { var volume; if (state.mode === 'simple') { var r = parseFloat(els.R.value), h = parseFloat(els.H.value); if (state.unit === 'inch') { r *= 2.54; h *= 2.54; } volume = (2 / 3) * Math.PI * r * r * h; } else { var a = parseFloat(els.A.value), b = parseFloat(els.B.value), c = parseFloat(els.C.value); if (state.unit === 'inch') { a *= 2.54; b *= 2.54; c *= 2.54; } volume = (4 / 3) * Math.PI * a * b * c; } volume = Math.max(volume, CONFIG.MIN_VOLUME); return volume; } function getRecommendation(weightG) { var recs = CONFIG.RECOMMENDATIONS; for (var i = 0; i < recs.length; i++) { if (weightG < recs[i].maxG) return recs[i]; } return recs[recs.length - 1]; } // ============================================================================ // Module: View Rendering // ============================================================================ function renderResult(volume, weightG) { var weightKg = weightG / 1000; var totalG = Math.round(weightG * 2); var rec = getRecommendation(weightG); var accuracy = state.mode === 'simple' ? CONFIG.SIMPLE.accuracy : CONFIG.ADVANCED.accuracy; var methodLabel = state.mode === 'simple' ? 'Spherical cap model (simple)' : 'Modified ellipsoid model (advanced)'; var coefLabel = state.population === 'asian' ? 'Asian coefficient: 0.92' : 'Western coefficient: 1.00'; var extremeNote = ''; if (volume> CONFIG.MAX_VOLUME) { extremeNote = '<p class="text-[0.8rem] text-[#b8860b] text-center mt-2 mb-0"><strong>\u26a0</strong> Calculated volume exceeds typical physiological range. Please verify your measurements.</p>'; } var html = ''; html += '<h3 class="text-center font-serif mb-3.5 mt-0" style="font-family:var(--font-serif)">Estimated Breast Weight</h3>'; html += '<div class="big-val">~' + Math.round(weightG) + ' g per breast</div>'; html += '<div class="sub-val">~' + totalG + ' g total (both breasts)</div>'; html += '<div class="result-stats">'; html += '<div class="result-stat"><div class="stat-label">Per Breast Vol</div><div class="stat-val">~' + Math.round(volume) + ' cc</div></div>'; html += '<div class="result-stat"><div class="stat-label">Per Breast Wt</div><div class="stat-val">' + weightG.toFixed(1) + ' g</div></div>'; html += '<div class="result-stat"><div class="stat-label">Per Breast Wt</div><div class="stat-val">' + weightKg.toFixed(3) + ' kg</div></div>'; html += '<div class="result-stat"><div class="stat-label">Tissue Density</div><div class="stat-val">' + CONFIG.TISSUE_DENSITY + '</div></div>'; html += '</div>'; html += '<div class="text-center mt-2"><span class="accuracy-badge">Accuracy: ' + accuracy + '</span><span class="accuracy-badge ml-1">' + coefLabel + '</span></div>'; html += extremeNote; html += '<div class="recommendation-box">'; html += '<div class="rec-label">Bra Selection Guidance \u2014 Estimated Cup Range: ' + rec.cup + '</div>'; html += '<p class="rec-text">' + rec.text + '</p>'; html += '<div class="rec-scene-content">'; html += '<strong>Daily Wear:</strong><span class="rec-scene daily">' + rec.daily + '</span><br>'; html += '<strong>Active/Support:</strong><span class="rec-scene heavy">' + rec.heavy + '</span>'; html += '</div>'; html += '</div>'; html += '<div class="affiliate-box">'; html += '<div class="affiliate-label">\u{1f6cd} Recommended Bras for Your Size</div>'; html += '<div class="affiliate-placeholder">Affiliate product recommendations will appear here based on your calculated weight range. (Placeholder \u2014 Amazon Associates integration pending)</div>'; html += '<div class="affiliate-disclosure"><strong>FTC Affiliate Disclosure:</strong> As an Amazon Associate, Breast Calculator may earn from qualifying purchases. Product recommendations are based on your calculated measurements and are provided for convenience. Prices and availability are subject to change.</div>'; html += '</div>'; html += '<div class="text-center mt-3"><span class="method-badge">' + methodLabel + '</span></div>'; html += '<div class="result-disclaimer"><strong>\u24d8 Reminder:</strong> These results are estimates for bra fitting reference. Not for medical diagnosis or treatment planning. Manual measurement error may affect accuracy.</div>'; els.resultContent.innerHTML = html; requestAnimationFrame(function() { els.resultDiv.classList.add('show'); }); } // ============================================================================ // Module: UI Updates // ============================================================================ function updateButtonState() { els.btnCalc.disabled = !checkAllFilled(); } function updateUnitLabels() { var txt = state.unit === 'cm' ? 'cm' : 'inch'; Object.keys(els.unitLabels).forEach(function(k) { if (els.unitLabels[k]) els.unitLabels[k].textContent = '(' + k + ') \u2014 ' + txt; }); } function updateInputAttrs() { var inputs = state.mode === 'simple' ? [{el:els.R,spec:CONFIG.SIMPLE.R},{el:els.H,spec:CONFIG.SIMPLE.H}] : [{el:els.A,spec:CONFIG.ADVANCED.A},{el:els.B,spec:CONFIG.ADVANCED.B},{el:els.C,spec:CONFIG.ADVANCED.C}]; inputs.forEach(function(item) { var s = clampToUnit(item.spec); item.el.min = s.min; item.el.max = s.max; item.el.placeholder = 'e.g. ' + ((s.min + s.max) / 2).toFixed(1); }); } function onUnitChange() { var prevUnit = state.unit; state.unit = els.unitSel.value; if (prevUnit !== state.unit) { convertAllInputs(prevUnit, state.unit); } updateUnitLabels(); updateInputAttrs(); clearAllErrors(); validateAll(); updateButtonState(); } function convertAllInputs(from, to) { var inputs = state.mode === 'simple' ? [els.R, els.H] : [els.A, els.B, els.C]; inputs.forEach(function(el) { var v = parseFloat(el.value); if (!isNaN(v)) { if (from === 'cm' && to === 'inch') el.value = (v / 2.54).toFixed(1); else if (from === 'inch' && to === 'cm') el.value = (v * 2.54).toFixed(1); } }); } function clearAllErrors() { Object.keys(errEls).forEach(function(k) { if (errEls[k]) { errEls[k].classList.remove('show'); errEls[k].textContent = ''; } }); [els.R, els.H, els.A, els.B, els.C].forEach(function(el) { if (el) { el.classList.remove('invalid','valid'); } }); } // ============================================================================ // Module: Public Handlers (exposed to onclick) // ============================================================================ window.calcWeight = function() { clearAllErrors(); if (!validateAll()) return; var volume = calcVolume(); var coefficient = CONFIG.POPULATION_COEFF[state.population]; var weightG = volume * CONFIG.DENSITY * coefficient; renderResult(volume, weightG); }; window.switchMode = function(mode) { state.mode = mode; if (mode === 'simple') { els.simpleFields.style.display = ''; els.advancedFields.style.display = 'none'; els.btnSimple.classList.add('active'); els.btnAdvanced.classList.remove('active'); } else { els.simpleFields.style.display = 'none'; els.advancedFields.style.display = ''; els.btnAdvanced.classList.add('active'); els.btnSimple.classList.remove('active'); } clearAllErrors(); updateInputAttrs(); updateButtonState(); els.resultDiv.classList.remove('show'); }; window.resetForm = function() { [els.R, els.H, els.A, els.B, els.C].forEach(function(el) { if (el) el.value = ''; }); clearAllErrors(); updateButtonState(); els.resultDiv.classList.remove('show'); }; // ============================================================================ // Module: Event Bindings // ============================================================================ els.unitSel.addEventListener('change', onUnitChange); els.popSel.addEventListener('change', function() { state.population = els.popSel.value; }); els.btnReset.addEventListener('click', window.resetForm); els.btnCalc.addEventListener('click', window.calcWeight); [els.R, els.H, els.A, els.B, els.C].forEach(function(el) { if (!el) return; el.addEventListener('input', function() { updateButtonState(); if (el.value.trim() !== '') { var keys = Object.keys(errEls); for (var i = 0; i < keys.length; i++) { if (errEls[keys[i]] && els[keys[i]] === el) { validateField(keys[i], el, errEls[keys[i]]); break; } } } }); el.addEventListener('blur', function() { var keys = Object.keys(errEls); for (var i = 0; i < keys.length; i++) { if (errEls[keys[i]] && els[keys[i]] === el) { validateField(keys[i], el, errEls[keys[i]]); break; } } updateButtonState(); }); }); // Initial updateButtonState(); // Reserved for Breast Shape Calculator tab window._shapeTabReserved = function() {}; window._shapeCalcInit = function() {}; })(); </script><script> (function(){var dd=document.getElementById('drawer'),dov=document.getElementById('drawerOverlay'),mt=document.getElementById('menuToggle'),dc=document.getElementById('drawerClose');function od(){dd.classList.add('open');dov.classList.add('open');mt.setAttribute('aria-expanded','true')}function cd(){dd.classList.remove('open');dov.classList.remove('open');mt.setAttribute('aria-expanded','false')}window.closeDrawer=cd;if(mt)mt.addEventListener('click',od);if(dc)dc.addEventListener('click',cd);if(dov)dov.addEventListener('click',cd);document.addEventListener('keydown',function(e){if(e.key==='Escape'&&dd.classList.contains('open'))cd()})})(); (function(){var cb=document.getElementById('cookieBanner'),pm=document.getElementById('privacyModal');if(!localStorage.getItem('cookieConsent')){setTimeout(function(){cb.classList.add('show')},600)} window.acceptCookies=function(){localStorage.setItem('cookieConsent','all');gtag('consent','update',{'analytics_storage':'granted'});cb.classList.remove('show')}; window.openPrivacyModal=function(){cb.classList.remove('show');pm.classList.add('show')};window.closePrivacyModal=function(){pm.classList.remove('show')}; window.savePrivacy=function(){var a=document.getElementById('ckAnalytics').checked?'granted':'denied';localStorage.setItem('cookieConsent','custom');gtag('consent','update',{'analytics_storage':a});pm.classList.remove('show')}; var pfd=document.getElementById('privacyFromDrawer');if(pfd)pfd.addEventListener('click',function(e){e.preventDefault();closeDrawer();setTimeout(openPrivacyModal,400)})})(); </script><script>function toggleFooterCol(b){var u=b.nextElementSibling;while(u&&u.tagName!=='UL'){u=u.nextElementSibling}if(u){var sv=b.querySelector('svg');if(u.classList.contains('hidden')){u.classList.remove('hidden');if(sv)sv.style.transform='rotate(180deg)';b.setAttribute('aria-expanded','true')}else{u.classList.add('hidden');if(sv)sv.style.transform='';b.setAttribute('aria-expanded','false')}}}</script><script>(function(){var bt=document.getElementById('footerBackToTop');if(!bt)return;window.addEventListener('scroll',function(){if(window.scrollY>500){bt.classList.remove('opacity-0','pointer-events-none')}else{bt.classList.add('opacity-0','pointer-events-none')}},{passive:true})})();</script><script>(function(){if(window.location.search){var cleanUrl=window.location.pathname;window.history.replaceState({},document.title,cleanUrl)}})();</script><script> (function(){ var dd=document.getElementById('drawer'),dov=document.getElementById('drawerOverlay'),mt=document.getElementById('menuToggle'),dc=document.getElementById('drawerClose'); function openDrawer(){if(dd){dd.classList.add('open')}if(dov){dov.classList.add('open')}if(mt){mt.setAttribute('aria-expanded','true')}} function closeDrawer(){if(dd){dd.classList.remove('open')}if(dov){dov.classList.remove('open')}if(mt){mt.setAttribute('aria-expanded','false')}} if(mt){mt.addEventListener('click',openDrawer)} if(dc){dc.addEventListener('click',closeDrawer)} if(dov){dov.addEventListener('click',closeDrawer)} document.addEventListener('keydown',function(e){if(e.key==='Escape'&&dd&&dd.classList.contains('open'))closeDrawer()}); })(); function toggleFooterCol(btn){ var col=btn.nextElementSibling; if(!col) return; var list=col.tagName==='UL'?col:col.querySelector('ul[data-footer-col]'); if(!list) return; var open=btn.getAttribute('aria-expanded')==='true'; btn.setAttribute('aria-expanded',open?'false':'true'); list.classList.toggle('hidden'); var svg=btn.querySelector('svg'); if(svg) svg.style.transform=open?'':'rotate(180deg)'; } /* Privacy + Share + Bookmark (shared on all /tools/* pages) */ (function(){ var pageUrl = (typeof window !== 'undefined' && window.location) ? window.location.href : ''; var pageTitle = (typeof document !== 'undefined' && document.title) ? document.title : 'Breast Calculator'; function getResultText(){ try{ var big=document.getElementById('resultValue')||document.getElementById('conversionResult'); if(big && big.textContent && big.textContent.trim() && big.textContent.trim() !== '\u2014'){ return big.textContent.trim(); } }catch(e){} return ''; } function buildShareText(){ var r=getResultText(); if(r){return pageTitle+' \u2014 '+r+' \u2014 Check it out on Breast Calculator';} return pageTitle+' \u2014 Free tool on Breast Calculator'; } function toast(btn,msg){ var old=btn.innerHTML; btn.innerHTML='<span style="font-size:0.78rem">\u2713 '+msg+'</span>'; setTimeout(function(){btn.innerHTML=old;},1800); } function fallbackCopy(text,btn){ var ta=document.createElement('textarea'); ta.value=text;ta.style.position='fixed';ta.style.opacity='0'; document.body.appendChild(ta);ta.select(); try{document.execCommand('copy');btn.classList.add('copied');toast(btn,'Link copied!');}catch(e){toast(btn,'Press Ctrl+C');} document.body.removeChild(ta); setTimeout(function(){btn.classList.remove('copied');},1800); } window.psbCopyLink=function(btn){ if(navigator.clipboard && navigator.clipboard.writeText){ navigator.clipboard.writeText(pageUrl).then(function(){ btn.classList.add('copied'); toast(btn,'Link copied!'); setTimeout(function(){btn.classList.remove('copied');},1800); }).catch(function(){fallbackCopy(pageUrl,btn);}); }else{fallbackCopy(pageUrl,btn);} return false; }; window.psbShareX=function(e){ if(e) e.preventDefault(); var text=encodeURIComponent(buildShareText()); var url=encodeURIComponent(pageUrl); window.open('https://twitter.com/intent/tweet?text='+text+'&url='+url,'_blank','noopener,width=550,height=420'); return false; }; window.psbSharePinterest=function(e){ if(e) e.preventDefault(); var desc=encodeURIComponent(buildShareText()); var url=encodeURIComponent(pageUrl); var media=encodeURIComponent('https://breastcalculator.com/images/og-default.jpg'); window.open('https://pinterest.com/pin/create/button/?url='+url+'&description='+desc+'&media='+media,'_blank','noopener,width=750,height=550'); return false; }; window.psbShareInstagram=function(e){ if(e) e.preventDefault(); psbCopyLink(document.querySelector('.psb-copy')); alert('Instagram does not allow direct web links.\n\nThe page link has been copied to your clipboard.\n\nOpen Instagram, then paste the link into your Story, DM, or bio.'); return false; }; window.psbShareFacebook=function(e){ if(e) e.preventDefault(); var url=encodeURIComponent(pageUrl); window.open('https://www.facebook.com/sharer/sharer.php?u='+url,'_blank','noopener,width=550,height=420'); return false; }; window.psbShareTikTok=function(e){ if(e) e.preventDefault(); psbCopyLink(document.querySelector('.psb-copy')); alert('TikTok does not allow direct web links in posts.\n\nThe page link has been copied to your clipboard.\n\nOpen TikTok, then paste the link into your bio or DM.'); return false; }; window.psbBookmark=function(btn){ var tip=document.getElementById('psbBookmarkTip'); if(tip){ if(tip.hasAttribute('hidden')){ tip.removeAttribute('hidden'); tip.scrollIntoView({behavior:'smooth',block:'center'}); }else{ tip.setAttribute('hidden',''); } } return false; }; window.shareResult=function(){ var btn=document.querySelector('.psb-copy'); if(btn){return psbCopyLink(btn);} return false; }; })(); </script></body></html>
